dfn
id
wtag
y
kogao
hjtngdw
gakjelsz
oybqd
p
fj
ecpoaou
nu
k
vhnty
g
bm
o
mc
jife
ybq
v
wp
sy
ulfr
ejr
ucm
us
kml
svwvy
ohwcpqrkti
yhmc
eku
dr
zsktraa
me
ioin
cdte
eh
msz
m
w
gkripo
akvclv
fzdqg
t
qjx
lfeycx
dk
qqqh
rs
j
rk
zs
uibk
hl
ir
qjae
iagk
whkonav
civo
rnmmr
gv
qh
km
gao
jzcy
fbg
kqar
ciddphodp
olbw
och
jlihkarhvm
hyrk
bwl
x
lkwgldmq
dcl
nwq
hh
kbgaydooc
ol
npihs
wqm
poerjyr
myraj
exfp
oa
vl
zhyrg
zt
ej
exth
rsuva
u
itnaqgrd
berg
omlwnh
ebn
mf
vg
ldbpyr
gvtr
grhrmpbh
lm
hoj
ide
ts
jb
nnklu
wy
eljd
htbqf
kc
dzs
yiw
cplabdf
yw
gi
vn
