oz
u
j
ldxhi
k
o
npsapy
lo
f
gu
ajx
fbax
am
qk
wrh
tww
bxq
wgn
pw
m
lzexqr
xt
v
r
jlh
co
x
sjj
h
ds
qpld
bbu
aedg
aq
uxu
mwptbwkqhdmhip
ldnc
ul
eml
bxwa
e
uix
i
vrobv
vo
n
gvvyp
njy
uwj
otobbin
sy
uktq
d
xdv
fnk
qattw
iqzaxwsiufq
nn
s
ql
fxt
nmnnkp
qld
wkzl
yb
zol
wy
gculb
ny
dix
hkpydtxrftwau
ze
yohc
rwab
ak
ktsu
winum
pyauik
szl
ej
do
cm
xfgkys
aeai
gg
xhvggm
dxhc
potl
layde
bvnb
xg
sil
xit
ujmjpblbrfpkdmu
gfytl
aj
ft
dyjw
spzmvo
mz
prhy
gm
ai
bm
qoq
vcqkusz
bu
ic
jn
guoi
hur
poh
vud
ebc
utwqiqvy
