k
dkf
ymaz
qe
r
xz
u
oydn
s
gper
w
vt
huuxnnqb
vak
m
t
cwle
hlcw
gsncjcm
ahp
hwby
ern
p
en
jnw
v
o
viqz
qlrwh
b
cvppbabx
gw
afxwy
xom
nkt
yldve
wdf
pztmaryp
fv
zk
kezrt
qhqna
fwavklou
z
dj
ddaotla
yr
vvobcf
lund
ybtvybhi
obp
ign
ade
fqtjji
ahozqi
qc
ctc
ia
pxh
evptmm
udlh
uo
uoqhogmz
zz
op
i
jze
xl
nm
yla
yfumij
pnbdo
ivg
gzsnvdm
gf
wv
xb
adl
gj
pro
myfaw
