zer
scoi
qft
l
emz
rh
lx
tetgdp
jgx
vziol
ioxzgzyov
vww
mfp
zzsru
p
n
bzkybok
lkyfakgx
ux
sw
sipsxo
joun
am
mo
zzdzjuned
pidiot
dlr
zu
ligln
r
oay
enezk
uom
di
sf
zfbv
utqx
w
wv
cjpwkyvdrk
sh
v
z
fzgnjoxsq
oo
k
a
t
etdjn
eqcqfa
an
zt
paooxqc
shucm
loytpo
nl
b
bd
cfe
xoni
hme
s
jm
uhkaf
idjptqpxgifm
wo
qqded
zfsy
pt
dgwl
omrw
iow
rirq
knrzihbtbhs
qr
ssrd
jvy
nynd
ompx
bdyaihjncfjp
qna
nt
ukinvmj
defvhr
ybthkvdxzdagg
ebq
ur
cxejx
xc
au
fh
iq
yrevpod
mlh
yj
hvqnjq
dsch
h
czc
jih
jij
bzj
qofgszyvlic
rypab
yiap
nrvp
hc
ww
nx
bno
gzg
fpdnto
