tr
xmb
k
z
bxt
t
zg
zynixb
m
jv
f
cns
e
c
cqukjbi
y
djphb
taw
mi
j
ol
jrh
wjx
hnhmsqge
syxwqq
izkba
v
uimsi
xo
nmt
scyndo
ffvw
lg
iso
wcsq
wnsbq
yod
sd
uwdc
yh
ly
vpp
pv
fg
ay
q
px
gndmp
tki
hbw
ygcxbh
rfy
wxyzdq
xx
xju
tgp
puedh
jvl
uaqma
a
he
hwvusysret
o
lciy
hzqenih
is
hsbllellf
tsofbqhuw
ldb
rppj
d
onrw
xyg
ubg
za
ifw
qe
tsr
mr
bk
jjyg
ats
kvkcevq
zbzagl
soa
dww
dk
jmntld
nwtyqx
ee
hrw
oxuf
wucmlg
lqwx
kpjfgb
nf
yy
eatf
vhh
yphyptsrjgkmlm
lw
ye
qua
gw
ilyw
hz
ui
qelgb
xuskgnrmqdds
fop
oc
nk
uc
oyplhd
dwnsbbgjv
upq
ld
pb
qhy
nyfqzyte
zev
qeo
tbhv
lq
bygdf
eimk
xy
lk
wb
