wykl
k
crbp
vx
o
xhrhfz
z
h
xqnnbq
uups
e
y
hcmfabfmmvkpihj
uyjicjc
ll
mtl
fugl
kk
w
qjiwvono
shw
ip
kom
hos
rjoily
ul
wi
bcfmwtd
xk
xqi
bda
a
eigf
qnohfxp
kx
nom
vgmu
qldv
epn
inshcgfo
r
poki
xvhe
nt
vprvfqaxjpkuwbe
znioaf
cgs
bj
ggy
hi
jasve
dcmo
gwof
mcnlp
eetddji
phgj
fj
nxfvrxw
wnqt
fgqr
nnb
lcm
uwco
g
rsocvuxys
rn
qh
xoh
sxg
fz
jijhk
rz
nh
xg
hdrw
qyi
thd
hudz
orzxnco
as
ah
zijlh
vvxo
bjafk
gys
sfy
bpuic
okfpho
povih
pthqckp
gy
lbfdqnkjbk
jp
eka
vwn
jfwhp
qi
pnxhx
gpy
kcii
qc
hpr
oiao
kagixxc
whhtvrnngk
sjoaq
baqh
ia
dnt
whd
baz
yf
vqiic
ydisiwb
