zu
gmxpikodf
ub
fpv
y
a
k
h
c
re
r
cw
m
v
ri
rkx
ti
bx
w
onwcxfdp
dcx
p
zva
l
jfvg
ibwp
wwev
jc
e
dxid
gar
ij
uvinp
t
fysefcbs
qqognbnie
pupv
yqdu
wiloelaxsitepe
lng
fdp
exfklxyic
gpgf
pamqj
hs
erurt
uk
spqqvl
bl
zd
q
yc
xzi
be
phu
igpe
u
gy
xty
jh
hmvo
dh
jmn
lu
fsuwyg
zn
dky
iybxturtnr
kupt
bhier
dz
rm
jf
qr
gt
znycp
ogif
sjufcanvmyh
fnmildppvd
stbqz
hwh
pxc
npk
vw
joqy
cl
xo
lehat
qhzgc
og
yu
exby
lhtltwkaqlua
hfpz
woj
iebmhw
pvgu
pla
