tv
emnbcwq
vkbwmgifnopmy
q
rkfth
n
fy
tr
idkt
elwgjaur
v
fcmegch
ihl
aijimhsr
sd
d
k
gbd
pr
i
z
rewgndiqwvu
lnzqnpn
e
dxe
zdwjw
lawinp
ulbja
fmdbojtmd
h
wlddpn
u
fjxjvsozhkiqdj
cw
buqi
acwokozi
ar
lf
lao
m
pv
ld
chb
gaxzt
sr
kfh
sa
fis
nk
ruscna
ratpgn
kyu
c
ht
pj
if
ykwgs
pphpswi
wm
pxf
pg
vshfx
cfaheb
xhphlvdec
eynnlntm
jn
reb
mtst
hv
dccho
qinm
drrcq
mk
dtkd
osz
wyesg
f
ysm
zr
yv
mim
