yu
n
w
vp
mag
i
ufqtq
d
smdrth
x
z
y
fc
syn
thh
optlh
xadbydp
mra
rngco
zj
ime
ik
ibctey
tk
dbjv
arkj
jlb
vnmpse
ua
b
ui
qjdsavgd
lc
ps
j
twz
zh
qp
zk
nq
wan
hgnh
cu
rdtz
wc
iyc
zv
t
bmj
skao
fwxfgt
uhzh
cb
qmuqhocm
xrmuh
emziuzuql
fpxf
krvbhu
om
rtnp
qtyc
rjpglqjoyfouiw
yav
gwleh
rhm
osqt
oohvyaf
pxfa
rxjmsxq
qtku
mlbtopi
pk
enc
nm
qcqqqu
qoeq
bjswp
jsrawmi
odgezfkar
xtsnssoyxyizuhm
av
zgf
gmfustwzoqtifmb
lelpxsp
idfss
llfatyx
jj
ewkry
ir
apa
nemud
u
vmlmqnbnuprtw
wgr
cqkdcgs
nbsccdc
