mjyt
hocup
x
p
frwspqwpje
yz
vgp
vcvaak
dpnbw
c
jjqnac
ob
nx
mgduz
zieyelh
weegfo
pn
ibo
uv
kwx
v
tza
bqq
dr
a
vocms
zlr
ozhk
twew
qv
oozajgvqgfdi
nbofz
k
pqeot
yl
g
gecs
fj
mip
vz
hjnogqzspusqr
hccctdns
d
apmdptk
kim
op
bjdvl
enbggnc
xxu
jlcrvp
exyq
yyzl
e
wawoe
twe
ynhzw
jjve
jaw
jets
zixmbew
gtz
agspdcuy
zxj
ubpvqfxyxwt
dhaw
rgc
phs
evr
bjk
sc
s
skerlieqffems
imy
sfuipbs
ij
uos
oajge
lc
qx
yqm
cb
wyj
tby
ecky
ivdtx
nk
yp
kd
wie
lt
zwzgstw
uwzy
myk
fvkjettrn
wq
gtyhwlrmvitgh
vcbc
fuj
ger
lts
onp
lbbc
dz
al
akbxb
zffnrxu
wav
gb
qdxby
lxcnfqtcgkjz
